\BOOKMARK [1][-]{section.1}{\376\377\000R\000\351\000s\000u\000m\000\351\000\040\000d\000u\000\040\000p\000r\000o\000j\000e\000t}{}% 1
\BOOKMARK [1][-]{section.2}{\376\377\000C\000o\000n\000t\000e\000x\000t\000e\000\040\000e\000t\000\040\000p\000r\000o\000b\000l\000\351\000m\000a\000t\000i\000q\000u\000e}{}% 2
\BOOKMARK [1][-]{section.3}{\376\377\000O\000b\000j\000e\000c\000t\000i\000f\000s\000\040\000d\000e\000\040\000l\040\031\000a\000p\000p\000l\000i\000c\000a\000t\000i\000o\000n}{}% 3
\BOOKMARK [1][-]{section.4}{\376\377\000P\000r\000\351\000s\000e\000n\000t\000a\000t\000i\000o\000n\000\040\000g\000\351\000n\000\351\000r\000a\000l\000e\000\040\000d\000e\000\040\000l\000a\000\040\000s\000o\000l\000u\000t\000i\000o\000n}{}% 4
\BOOKMARK [1][-]{section.5}{\376\377\000A\000c\000t\000e\000u\000r\000s\000\040\000d\000u\000\040\000s\000y\000s\000t\000\350\000m\000e}{}% 5
\BOOKMARK [1][-]{section.6}{\376\377\000P\000\351\000r\000i\000m\000\350\000t\000r\000e\000\040\000f\000o\000n\000c\000t\000i\000o\000n\000n\000e\000l}{}% 6
\BOOKMARK [2][-]{subsection.6.1}{\376\377\000I\000n\000c\000l\000u\000s\000\040\000d\000a\000n\000s\000\040\000l\000a\000\040\000v\000e\000r\000s\000i\000o\000n\000\040\000i\000n\000i\000t\000i\000a\000l\000e}{section.6}% 7
\BOOKMARK [2][-]{subsection.6.2}{\376\377\000H\000o\000r\000s\000\040\000p\000\351\000r\000i\000m\000\350\000t\000r\000e\000\040\000i\000n\000i\000t\000i\000a\000l}{section.6}% 8
\BOOKMARK [1][-]{section.7}{\376\377\000B\000e\000s\000o\000i\000n\000s\000\040\000f\000o\000n\000c\000t\000i\000o\000n\000n\000e\000l\000s\000\040\000d\000\351\000t\000a\000i\000l\000l\000\351\000s}{}% 9
\BOOKMARK [1][-]{section.8}{\376\377\000B\000e\000s\000o\000i\000n\000s\000\040\000n\000o\000n\000\040\000f\000o\000n\000c\000t\000i\000o\000n\000n\000e\000l\000s}{}% 10
\BOOKMARK [1][-]{section.9}{\376\377\000R\000\350\000g\000l\000e\000s\000\040\000d\000e\000\040\000g\000e\000s\000t\000i\000o\000n}{}% 11
\BOOKMARK [1][-]{section.10}{\376\377\000D\000e\000s\000c\000r\000i\000p\000t\000i\000o\000n\000\040\000d\000\351\000t\000a\000i\000l\000l\000\351\000e\000\040\000d\000e\000s\000\040\000c\000a\000s\000\040\000d\040\031\000u\000t\000i\000l\000i\000s\000a\000t\000i\000o\000n}{}% 12
\BOOKMARK [2][-]{subsection.10.1}{\376\377\000V\000u\000e\000\040\000d\040\031\000e\000n\000s\000e\000m\000b\000l\000e}{section.10}% 13
\BOOKMARK [2][-]{subsection.10.2}{\376\377\000U\000C\000-\0000\0001\000\040\040\024\000\040\000S\040\031\000a\000u\000t\000h\000e\000n\000t\000i\000f\000i\000e\000r}{section.10}% 14
\BOOKMARK [2][-]{subsection.10.3}{\376\377\000U\000C\000-\0000\0002\000\040\040\024\000\040\000C\000r\000\351\000e\000r\000\040\000e\000t\000\040\000c\000o\000n\000f\000i\000r\000m\000e\000r\000\040\000u\000n\000e\000\040\000c\000o\000m\000m\000a\000n\000d\000e}{section.10}% 15
\BOOKMARK [2][-]{subsection.10.4}{\376\377\000U\000C\000-\0000\0003\000\040\040\024\000\040\000C\000o\000n\000s\000u\000l\000t\000e\000r\000\040\000l\000e\000s\000\040\000c\000o\000m\000m\000a\000n\000d\000e\000s}{section.10}% 16
\BOOKMARK [2][-]{subsection.10.5}{\376\377\000U\000C\000-\0000\0004\000\040\040\024\000\040\000G\000\351\000r\000e\000r\000\040\000l\000e\000\040\000m\000e\000n\000u}{section.10}% 17
\BOOKMARK [2][-]{subsection.10.6}{\376\377\000U\000C\000-\0000\0005\000\040\040\024\000\040\000G\000\351\000r\000e\000r\000\040\000l\000e\000s\000\040\000s\000e\000r\000v\000e\000u\000r\000s\000\040\000e\000t\000\040\000l\000e\000s\000\040\000p\000e\000r\000m\000i\000s\000s\000i\000o\000n\000s}{section.10}% 18
\BOOKMARK [2][-]{subsection.10.7}{\376\377\000U\000C\000-\0000\0006\000\040\040\024\000\040\000C\000o\000n\000s\000u\000l\000t\000e\000r\000\040\000l\000e\000s\000\040\000s\000t\000a\000t\000i\000s\000t\000i\000q\000u\000e\000s}{section.10}% 19
\BOOKMARK [1][-]{section.11}{\376\377\000A\000r\000c\000h\000i\000t\000e\000c\000t\000u\000r\000e\000\040\000g\000\351\000n\000\351\000r\000a\000l\000e\000\040\000d\000e\000\040\000l\040\031\000a\000p\000p\000l\000i\000c\000a\000t\000i\000o\000n}{}% 20
\BOOKMARK [1][-]{section.12}{\376\377\000M\000o\000d\000\350\000l\000e\000\040\000d\000e\000\040\000d\000o\000n\000n\000\351\000e\000s}{}% 21
\BOOKMARK [2][-]{subsection.12.1}{\376\377\000E\000n\000t\000i\000t\000\351\000s\000\040\000p\000r\000i\000n\000c\000i\000p\000a\000l\000e\000s}{section.12}% 22
\BOOKMARK [1][-]{section.13}{\376\377\000S\000t\000r\000u\000c\000t\000u\000r\000e\000\040\000d\000e\000s\000\040\000\351\000c\000r\000a\000n\000s\000\040\000d\000e\000\040\000l\040\031\000a\000p\000p\000l\000i\000c\000a\000t\000i\000o\000n}{}% 23
\BOOKMARK [2][-]{subsection.13.1}{\376\377\000\311\000c\000r\000a\000n\000s\000\040\000c\000o\000m\000m\000u\000n\000s}{section.13}% 24
\BOOKMARK [2][-]{subsection.13.2}{\376\377\000E\000s\000p\000a\000c\000e\000\040\000s\000e\000r\000v\000e\000u\000r}{section.13}% 25
\BOOKMARK [2][-]{subsection.13.3}{\376\377\000E\000s\000p\000a\000c\000e\000\040\000m\000a\000n\000a\000g\000e\000r}{section.13}% 26
\BOOKMARK [1][-]{section.14}{\376\377\000S\000t\000a\000t\000i\000s\000t\000i\000q\000u\000e\000s\000\040\000e\000t\000\040\000r\000e\000p\000o\000r\000t\000i\000n\000g}{}% 27
\BOOKMARK [1][-]{section.15}{\376\377\000S\000\351\000c\000u\000r\000i\000t\000\351\000\040\000e\000t\000\040\000g\000e\000s\000t\000i\000o\000n\000\040\000d\000e\000s\000\040\000p\000e\000r\000m\000i\000s\000s\000i\000o\000n\000s}{}% 28
\BOOKMARK [2][-]{subsection.15.1}{\376\377\000C\000o\000n\000t\000r\000\364\000l\000e\000s\000\040\000d\040\031\000a\000c\000c\000\350\000s}{section.15}% 29
\BOOKMARK [2][-]{subsection.15.2}{\376\377\000P\000r\000o\000t\000e\000c\000t\000i\000o\000n\000\040\000d\000e\000s\000\040\000d\000o\000n\000n\000\351\000e\000s}{section.15}% 30
\BOOKMARK [1][-]{section.16}{\376\377\000D\000i\000a\000g\000r\000a\000m\000m\000e\000s\000\040\000d\000e\000\040\000c\000o\000m\000p\000o\000r\000t\000e\000m\000e\000n\000t}{}% 31
\BOOKMARK [1][-]{section.17}{\376\377\000C\000r\000i\000t\000\350\000r\000e\000s\000\040\000d\040\031\000a\000c\000c\000e\000p\000t\000a\000t\000i\000o\000n}{}% 32
\BOOKMARK [1][-]{section.18}{\376\377\000\311\000v\000o\000l\000u\000t\000i\000o\000n\000s\000\040\000f\000u\000t\000u\000r\000e\000s}{}% 33
\BOOKMARK [1][-]{section.19}{\376\377\000C\000o\000n\000c\000l\000u\000s\000i\000o\000n}{}% 34
